GL: NPOT texture support is available
Base: Start application main loop
GL: NPOT texture support is available
Base: Start application main loop
Base: Leaving application in progress...
GL: NPOT texture support is available
Traceback (most recent call last):
  File "D:\vscode-workspace\PswdMaker\program\main.py", line 43, in <module>
    PswdMakerApp().run()
  File "C:\Users\lje64\AppData\Local\Programs\Python\Python312\Lib\site-packages\kivy\app.py", line 955, in run
    self._run_prepare()
  File "C:\Users\lje64\AppData\Local\Programs\Python\Python312\Lib\site-packages\kivy\app.py", line 925, in _run_prepare
    root = self.build()
           ^^^^^^^^^^^^
  File "D:\vscode-workspace\PswdMaker\program\main.py", line 36, in build
    self.__mainScreen.add_widget(self.__accountListScreen)
  File "C:\Users\lje64\AppData\Local\Programs\Python\Python312\Lib\site-packages\kivy\uix\screenmanager.py", line 1001, in add_widget
    self.current = widget.name
    ^^^^^^^^^^^^
  File "kivy\\properties.pyx", line 520, in kivy.properties.Property.__set__
  File "kivy\\properties.pyx", line 567, in kivy.properties.Property.set
  File "kivy\\properties.pyx", line 606, in kivy.properties.Property._dispatch
  File "kivy\\_event.pyx", line 1307, in kivy._event.EventObservers.dispatch
  File "kivy\\_event.pyx", line 1213, in kivy._event.EventObservers._dispatch
  File "C:\Users\lje64\AppData\Local\Programs\Python\Python312\Lib\site-packages\kivy\uix\screenmanager.py", line 1068, in on_current
    screen.dispatch('on_pre_enter')
  File "kivy\\_event.pyx", line 727, in kivy._event.EventDispatcher.dispatch
  File "kivy\\_event.pyx", line 1307, in kivy._event.EventObservers.dispatch
  File "kivy\\_event.pyx", line 1191, in kivy._event.EventObservers._dispatch
  File "C:\Users\lje64\AppData\Local\Programs\Python\Python312\Lib\site-packages\kivy\lang\builder.py", line 60, in custom_callback
    exec(__kvlang__.co_value, idmap)
  File "D:\vscode-workspace\PswdMaker\structure\AccountList.kv", line 2, in <module>
    on_pre_enter: root.loadAccountList()
    ^^^^^^^^^^^^^^^^^^^^^^
  File "D:\vscode-workspace\PswdMaker\program\AccountList.py", line 63, in loadAccountList
    self.__ensure_table()
  File "D:\vscode-workspace\PswdMaker\program\AccountList.py", line 32, in __ensure_table
    with connect(self.__dbFilePath()) as connection:
                 ^^^^^^^^^^^^^^^^^^^
TypeError: 'WindowsPath' object is not callable

GL: NPOT texture support is available
Base: Start application main loop
Base: Leaving application in progress...
Traceback (most recent call last):
  File "C:\Users\lje64\AppData\Local\Programs\Python\Python312\Lib\site-packages\kivy\lang\builder.py", line 245, in create_handler
    return eval(value, idmap), bound_list
           ^^^^^^^^^^^^^^^^^^
  File "D:\vscode-workspace\PswdMaker\structure\AccountList.kv", line 14, in <module>
    height: self.mininum_height
    ^^^^^^^^^^^^^^^^^^^
  File "kivy\\weakproxy.pyx", line 32, in kivy.weakproxy.WeakProxy.__getattr__
AttributeError: 'BoxLayout' object has no attribute 'mininum_height'. Did you mean: 'minimum_height'?

During handling of the above exception, another exception occurred:

Traceback (most recent call last):
  File "C:\Users\lje64\AppData\Local\Programs\Python\Python312\Lib\site-packages\kivy\lang\builder.py", line 699, in _apply_rule
    value, bound = create_handler(
                   ^^^^^^^^^^^^^^^
  File "C:\Users\lje64\AppData\Local\Programs\Python\Python312\Lib\site-packages\kivy\lang\builder.py", line 248, in create_handler
    raise BuilderException(rule.ctx, rule.line,
kivy.lang.builder.BuilderException: Parser: File "D:\vscode-workspace\PswdMaker\structure\AccountList.kv", line 14:
...
     12:        BoxLayout:
     13:            size_hint_y: None
>>   14:            height: self.mininum_height
     15:            Label:
     16:                text: '林家'
...
AttributeError: 'BoxLayout' object has no attribute 'mininum_height'
  File "C:\Users\lje64\AppData\Local\Programs\Python\Python312\Lib\site-packages\kivy\lang\builder.py", line 245, in create_handler
    return eval(value, idmap), bound_list
           ^^^^^^^^^^^^^^^^^^
  File "D:\vscode-workspace\PswdMaker\structure\AccountList.kv", line 14, in <module>
    height: self.mininum_height
    ^^^^^^^^^^^^^^^^^^^
  File "kivy\\weakproxy.pyx", line 32, in kivy.weakproxy.WeakProxy.__getattr__


During handling of the above exception, another exception occurred:

Traceback (most recent call last):
  File "D:\vscode-workspace\PswdMaker\program\main.py", line 43, in <module>
    PswdMakerApp().run()
  File "C:\Users\lje64\AppData\Local\Programs\Python\Python312\Lib\site-packages\kivy\app.py", line 955, in run
    self._run_prepare()
  File "C:\Users\lje64\AppData\Local\Programs\Python\Python312\Lib\site-packages\kivy\app.py", line 925, in _run_prepare
    root = self.build()
           ^^^^^^^^^^^^
  File "D:\vscode-workspace\PswdMaker\program\main.py", line 32, in build
    self.__accountListScreen = AccountList()
                               ^^^^^^^^^^^^^
  File "C:\Users\lje64\AppData\Local\Programs\Python\Python312\Lib\site-packages\kivy\uix\relativelayout.py", line 274, in __init__
    super(RelativeLayout, self).__init__(**kw)
  File "C:\Users\lje64\AppData\Local\Programs\Python\Python312\Lib\site-packages\kivy\uix\floatlayout.py", line 65, in __init__
    super(FloatLayout, self).__init__(**kwargs)
  File "C:\Users\lje64\AppData\Local\Programs\Python\Python312\Lib\site-packages\kivy\uix\layout.py", line 76, in __init__
    super(Layout, self).__init__(**kwargs)
  File "C:\Users\lje64\AppData\Local\Programs\Python\Python312\Lib\site-packages\kivy\uix\widget.py", line 366, in __init__
    self.apply_class_lang_rules(
  File "C:\Users\lje64\AppData\Local\Programs\Python\Python312\Lib\site-packages\kivy\uix\widget.py", line 470, in apply_class_lang_rules
    Builder.apply(
  File "C:\Users\lje64\AppData\Local\Programs\Python\Python312\Lib\site-packages\kivy\lang\builder.py", line 545, in apply
    self._apply_rule(
  File "C:\Users\lje64\AppData\Local\Programs\Python\Python312\Lib\site-packages\kivy\lang\builder.py", line 714, in _apply_rule
    raise BuilderException(rule.ctx, rule.line,
kivy.lang.builder.BuilderException: Parser: File "D:\vscode-workspace\PswdMaker\structure\AccountList.kv", line 14:
...
     12:        BoxLayout:
     13:            size_hint_y: None
>>   14:            height: self.mininum_height
     15:            Label:
     16:                text: '林家'
...
BuilderException: Parser: File "D:\vscode-workspace\PswdMaker\structure\AccountList.kv", line 14:
...
     12:        BoxLayout:
     13:            size_hint_y: None
>>   14:            height: self.mininum_height
     15:            Label:
     16:                text: '林家'
...
AttributeError: 'BoxLayout' object has no attribute 'mininum_height'
  File "C:\Users\lje64\AppData\Local\Programs\Python\Python312\Lib\site-packages\kivy\lang\builder.py", line 245, in create_handler
    return eval(value, idmap), bound_list
           ^^^^^^^^^^^^^^^^^^
  File "D:\vscode-workspace\PswdMaker\structure\AccountList.kv", line 14, in <module>
    height: self.mininum_height
    ^^^^^^^^^^^^^^^^^^^
  File "kivy\\weakproxy.pyx", line 32, in kivy.weakproxy.WeakProxy.__getattr__

  File "C:\Users\lje64\AppData\Local\Programs\Python\Python312\Lib\site-packages\kivy\lang\builder.py", line 699, in _apply_rule
    value, bound = create_handler(
                   ^^^^^^^^^^^^^^^
  File "C:\Users\lje64\AppData\Local\Programs\Python\Python312\Lib\site-packages\kivy\lang\builder.py", line 248, in create_handler
    raise BuilderException(rule.ctx, rule.line,


GL: NPOT texture support is available
Base: Start application main loop
Base: Leaving application in progress...
GL: NPOT texture support is available
Base: Start application main loop
Base: Leaving application in progress...
GL: NPOT texture support is available
Base: Start application main loop
Base: Leaving application in progress...
GL: NPOT texture support is available
Base: Start application main loop
Base: Leaving application in progress...
GL: NPOT texture support is available
Base: Start application main loop
Base: Leaving application in progress...
GL: NPOT texture support is available
Base: Start application main loop
Base: Leaving application in progress...
GL: NPOT texture support is available
Base: Start application main loop
Base: Leaving application in progress...
